// Vitest Snapshot v1, https://vitest.dev/guide/snapshot.html

exports[`serializeSettings snapshots > matches minimal settings snapshot 1`] = `
{
  "contact": {
    "description": undefined,
    "emails": [],
    "leads": {
      "left": undefined,
      "right": undefined,
    },
    "location": undefined,
    "phones": [],
    "socialLinks": [],
    "subtitle": undefined,
    "title": "Get In Touch",
  },
  "coreSkills": [],
  "hero": {
    "descriptionHtml": undefined,
    "greeting": "Untitled Profile",
    "highlights": [],
    "primaryButton": undefined,
    "secondaryButton": undefined,
    "subtitle": undefined,
  },
  "highlights": [],
  "languages": [],
  "profile": {
    "fullName": "Untitled Profile",
    "location": undefined,
    "title": undefined,
  },
  "seo": {
    "description": "Untitled Profile",
    "keywords": [],
    "metadataBase": undefined,
    "openGraphImage": undefined,
    "siteUrl": undefined,
    "title": "Untitled Profile",
    "titleTemplate": undefined,
    "twitterHandle": undefined,
  },
  "socialLinks": [],
  "theme": {
    "accent": "#ffd600",
    "description": "High-contrast dark theme tuned for dashboards and hero copy.",
    "id": "professional-dark",
    "name": "Professional Dark",
    "previewGradient": "linear-gradient(135deg, #14171f 0%, #0f1118 65%, #272b38 100%)",
    "tags": [
      "dark",
      "professional",
      "default",
    ],
    "version": "1.0.0",
  },
}
`;

exports[`serializeSettings snapshots > matches seeded settings snapshot 1`] = `
{
  "contact": {
    "description": "Let's build something great together.",
    "emails": [
      "you@example.com",
    ],
    "leads": {
      "left": undefined,
      "right": undefined,
    },
    "location": "Your City, US",
    "phones": [
      {
        "e164": "+10000000000",
        "label": "Primary",
      },
    ],
    "socialLinks": [
      {
        "href": "http://localhost:3000",
        "label": "Website",
      },
      {
        "href": "https://github.com/yourname",
        "label": "GitHub",
      },
      {
        "href": "https://www.linkedin.com/in/yourname",
        "label": "LinkedIn",
      },
    ],
    "subtitle": "Software Engineer · Full-Stack Developer",
    "title": "Get In Touch",
  },
  "coreSkills": [
    "Next.js",
    "PostgreSQL",
    "TypeScript",
    "Docker",
  ],
  "hero": {
    "descriptionHtml": "<ul><li>Built with Next.js App Router and TypeScript</li><li>Server layer: services → repositories → serializers</li><li>Prisma-backed CMS with admin dashboard</li></ul>",
    "greeting": "Hi, I'm Your Name",
    "highlights": [
      "Built with Next.js App Router and TypeScript",
      "Server layer: services → repositories → serializers",
      "Prisma-backed CMS with admin dashboard",
    ],
    "primaryButton": {
      "href": "#contact",
      "text": "Get in Touch",
    },
    "secondaryButton": {
      "href": "/portfolio",
      "text": "View Portfolio",
    },
    "subtitle": "Software Engineer · Full-Stack Developer",
  },
  "highlights": [
    "Built with Next.js App Router and TypeScript",
    "Server layer: services → repositories → serializers",
    "Prisma-backed CMS with admin dashboard",
  ],
  "languages": [
    "English",
  ],
  "profile": {
    "fullName": "Your Name",
    "location": "Your City, US",
    "title": "Software Engineer · Full-Stack Developer",
  },
  "seo": {
    "description": "A modern portfolio template built with Next.js, TypeScript, Prisma, and Tailwind.",
    "keywords": [
      "portfolio",
      "software engineer",
      "full-stack",
      "next.js",
      "typescript",
    ],
    "metadataBase": "http://localhost:3000/",
    "openGraphImage": "/attachments/og-placeholder.png",
    "siteUrl": "http://localhost:3000/",
    "title": "Your Name",
    "titleTemplate": "%s | Your Name",
    "twitterHandle": "@yourhandle",
  },
  "socialLinks": [
    {
      "href": "http://localhost:3000",
      "label": "Website",
    },
    {
      "href": "https://github.com/yourname",
      "label": "GitHub",
    },
    {
      "href": "https://www.linkedin.com/in/yourname",
      "label": "LinkedIn",
    },
  ],
  "theme": {
    "accent": "#ffd600",
    "description": "High-contrast dark theme tuned for dashboards and hero copy.",
    "id": "professional-dark",
    "name": "Professional Dark",
    "previewGradient": "linear-gradient(135deg, #14171f 0%, #0f1118 65%, #272b38 100%)",
    "tags": [
      "dark",
      "professional",
      "default",
    ],
    "version": "1.0.0",
  },
}
`;
