
Running 2 tests using 1 worker

[1A[2K[1/2] [chromium] ΓÇ║ tests\e2e\admin-recommendations.spec.ts:7:7 ΓÇ║ Admin recommendations CRUD ΓÇ║ creates, publishes, edits, and deletes a recommendation
[1A[2K  1) [chromium] ΓÇ║ tests\e2e\admin-recommendations.spec.ts:7:7 ΓÇ║ Admin recommendations CRUD ΓÇ║ creates, publishes, edits, and deletes a recommendation 

    Error: [2mexpect([22m[31mreceived[39m[2m).[22mtoBe[2m([22m[32mexpected[39m[2m) // Object.is equality[22m

    Expected: [32mtrue[39m
    Received: [31mfalse[39m

    Call Log:
    - Timeout 15000ms exceeded while waiting on the predicate

      23 |
      24 |       await publishRecommendation(request, recommendation.id);
    > 25 |       await expect.poll(async () => {
         |       ^
      26 |         const record = await getRecommendation(request, recommendation.id);
      27 |         return record?.published ?? false;
      28 |       }, { timeout: 15000 }).toBe(true);
        at C:\Users\ammar\Downloads\Ammar\GitHub\TS-NextJS-PersonalPortfolio-v1-2025\tests\e2e\admin-recommendations.spec.ts:25:7

    Error Context: test-results\admin-recommendations-Admi-7d6cc-nd-deletes-a-recommendation-chromium\error-context.md


[1A[2K[2/2] [chromium] ΓÇ║ tests\e2e\admin-skills.spec.ts:7:7 ΓÇ║ Admin skills CRUD ΓÇ║ creates, edits, and deletes a skill group
[1A[2K  1 failed
    [chromium] ΓÇ║ tests\e2e\admin-recommendations.spec.ts:7:7 ΓÇ║ Admin recommendations CRUD ΓÇ║ creates, publishes, edits, and deletes a recommendation 
  1 passed (1.7m)
